<html>
<body>
<pre>
<h1>µVision Build Log</h1>
<h2>Project:</h2>
C:\Keil\Labware\Lab13_DAC\Lab13.uvproj
Project File Date:  08/24/2020

<h2>Output:</h2>
Build target 'Lab13'
compiling Sound.c...
linking...
Program Size: Code=5896 RO-data=9356 RW-data=80 ZI-data=1816  
".\Lab13.axf" - 0 Error(s), 0 Warning(s).
 line of file ends without a newline
  }
delay.c: 1 warning, 0 errors
linking...
Program Size: Code=5896 RO-data=9356 RW-data=80 ZI-data=1816  
".\Lab13.axf" - 0 Error(s), 1 Warning(s).
and 1 error messages.
".\Lab13.axf" - 1 Error(s), 1 Warning(s).
Target not created

Sound.c: 1 warning, 1 error
compiling DAC.c...
delay.h(5): warning:  #1-D: last line of file ends without a newline
  void delay(unsigned long msec);
DAC.c: 1 warning, 0 errors
compiling Piano.c...
delay.h(5): warning:  #1-D: last line of file ends without a newline
  void delay(unsigned long msec);
Piano.c: 1 warning, 0 errors
".\Lab13.axf" - 1 Error(s), 4 Warning(s).
Target not created
t enough information to list the image map.
Finished: 2 information, 0 warning and 3 error messages.
".\Lab13.axf" - 3 Error(s), 4 Warning(s).
Target not created
